Archive member included to satisfy reference by file (symbol)

c:/nrf52/gnu tools arm embedded/5.4 2016q3/bin/../lib/gcc/arm-none-eabi/5.4.1/../../../../arm-none-eabi/lib/armv7e-m/fpu\libc_nano.a(lib_a-exit.o)
                              c:/nrf52/gnu tools arm embedded/5.4 2016q3/bin/../lib/gcc/arm-none-eabi/5.4.1/../../../../arm-none-eabi/lib/armv7e-m/fpu/crt0.o (exit)
c:/nrf52/gnu tools arm embedded/5.4 2016q3/bin/../lib/gcc/arm-none-eabi/5.4.1/../../../../arm-none-eabi/lib/armv7e-m/fpu\libc_nano.a(lib_a-impure.o)
                              c:/nrf52/gnu tools arm embedded/5.4 2016q3/bin/../lib/gcc/arm-none-eabi/5.4.1/../../../../arm-none-eabi/lib/armv7e-m/fpu\libc_nano.a(lib_a-exit.o) (_global_impure_ptr)
c:/nrf52/gnu tools arm embedded/5.4 2016q3/bin/../lib/gcc/arm-none-eabi/5.4.1/../../../../arm-none-eabi/lib/armv7e-m/fpu\libc_nano.a(lib_a-init.o)
                              c:/nrf52/gnu tools arm embedded/5.4 2016q3/bin/../lib/gcc/arm-none-eabi/5.4.1/../../../../arm-none-eabi/lib/armv7e-m/fpu/crt0.o (__libc_init_array)
c:/nrf52/gnu tools arm embedded/5.4 2016q3/bin/../lib/gcc/arm-none-eabi/5.4.1/../../../../arm-none-eabi/lib/armv7e-m/fpu\libc_nano.a(lib_a-memset.o)
                              c:/nrf52/gnu tools arm embedded/5.4 2016q3/bin/../lib/gcc/arm-none-eabi/5.4.1/../../../../arm-none-eabi/lib/armv7e-m/fpu/crt0.o (memset)
c:/nrf52/gnu tools arm embedded/5.4 2016q3/bin/../lib/gcc/arm-none-eabi/5.4.1/../../../../arm-none-eabi/lib/armv7e-m/fpu\libnosys.a(_exit.o)
                              c:/nrf52/gnu tools arm embedded/5.4 2016q3/bin/../lib/gcc/arm-none-eabi/5.4.1/../../../../arm-none-eabi/lib/armv7e-m/fpu\libc_nano.a(lib_a-exit.o) (_exit)
c:/nrf52/gnu tools arm embedded/5.4 2016q3/bin/../lib/gcc/arm-none-eabi/5.4.1/../../../../arm-none-eabi/lib/armv7e-m/fpu\libc_nano.a(lib_a-memcpy-stub.o)
                              _build/nrf52832_xxaa_SEGGER_RTT.c.o (memcpy)
c:/nrf52/gnu tools arm embedded/5.4 2016q3/bin/../lib/gcc/arm-none-eabi/5.4.1/../../../../arm-none-eabi/lib/armv7e-m/fpu\libc_nano.a(lib_a-strcpy.o)
                              _build/nrf52832_xxaa_SEGGER_RTT.c.o (strcpy)
c:/nrf52/gnu tools arm embedded/5.4 2016q3/bin/../lib/gcc/arm-none-eabi/5.4.1/../../../../arm-none-eabi/lib/armv7e-m/fpu\libc_nano.a(lib_a-strlen.o)
                              _build/nrf52832_xxaa_SEGGER_RTT.c.o (strlen)

Allocating common symbols
Common symbol       size              file

_SEGGER_RTT         0x78              _build/nrf52832_xxaa_SEGGER_RTT.c.o

Discarded input sections

 .text          0x00000000        0x0 c:/nrf52/gnu tools arm embedded/5.4 2016q3/bin/../lib/gcc/arm-none-eabi/5.4.1/armv7e-m/fpu/crti.o
 .data          0x00000000        0x0 c:/nrf52/gnu tools arm embedded/5.4 2016q3/bin/../lib/gcc/arm-none-eabi/5.4.1/armv7e-m/fpu/crti.o
 .bss           0x00000000        0x0 c:/nrf52/gnu tools arm embedded/5.4 2016q3/bin/../lib/gcc/arm-none-eabi/5.4.1/armv7e-m/fpu/crti.o
 .data          0x00000000        0x4 c:/nrf52/gnu tools arm embedded/5.4 2016q3/bin/../lib/gcc/arm-none-eabi/5.4.1/armv7e-m/fpu/crtbegin.o
 .data          0x00000000        0x0 c:/nrf52/gnu tools arm embedded/5.4 2016q3/bin/../lib/gcc/arm-none-eabi/5.4.1/../../../../arm-none-eabi/lib/armv7e-m/fpu/crt0.o
 .bss           0x00000000        0x0 c:/nrf52/gnu tools arm embedded/5.4 2016q3/bin/../lib/gcc/arm-none-eabi/5.4.1/../../../../arm-none-eabi/lib/armv7e-m/fpu/crt0.o
 .ARM.extab     0x00000000        0x0 c:/nrf52/gnu tools arm embedded/5.4 2016q3/bin/../lib/gcc/arm-none-eabi/5.4.1/../../../../arm-none-eabi/lib/armv7e-m/fpu/crt0.o
 .text          0x00000000        0x0 c:/nrf52/gnu tools arm embedded/5.4 2016q3/bin/../lib/gcc/arm-none-eabi/5.4.1/../../../../arm-none-eabi/lib/armv7e-m/fpu\libc_nano.a(lib_a-exit.o)
 .data          0x00000000        0x0 c:/nrf52/gnu tools arm embedded/5.4 2016q3/bin/../lib/gcc/arm-none-eabi/5.4.1/../../../../arm-none-eabi/lib/armv7e-m/fpu\libc_nano.a(lib_a-exit.o)
 .bss           0x00000000        0x0 c:/nrf52/gnu tools arm embedded/5.4 2016q3/bin/../lib/gcc/arm-none-eabi/5.4.1/../../../../arm-none-eabi/lib/armv7e-m/fpu\libc_nano.a(lib_a-exit.o)
 .text          0x00000000        0x0 c:/nrf52/gnu tools arm embedded/5.4 2016q3/bin/../lib/gcc/arm-none-eabi/5.4.1/../../../../arm-none-eabi/lib/armv7e-m/fpu\libc_nano.a(lib_a-impure.o)
 .data          0x00000000        0x0 c:/nrf52/gnu tools arm embedded/5.4 2016q3/bin/../lib/gcc/arm-none-eabi/5.4.1/../../../../arm-none-eabi/lib/armv7e-m/fpu\libc_nano.a(lib_a-impure.o)
 .bss           0x00000000        0x0 c:/nrf52/gnu tools arm embedded/5.4 2016q3/bin/../lib/gcc/arm-none-eabi/5.4.1/../../../../arm-none-eabi/lib/armv7e-m/fpu\libc_nano.a(lib_a-impure.o)
 .data._impure_ptr
                0x00000000        0x4 c:/nrf52/gnu tools arm embedded/5.4 2016q3/bin/../lib/gcc/arm-none-eabi/5.4.1/../../../../arm-none-eabi/lib/armv7e-m/fpu\libc_nano.a(lib_a-impure.o)
[...]
Memory Configuration

Name             Origin             Length             Attributes
FLASH            0x00000000         0x00080000         xr
RAM              0x20000000         0x00010000         xrw
*default*        0x00000000         0xffffffff

Linker script and memory map


.text           0x00000000     0x1480
 *(.isr_vector)
 .isr_vector    0x00000000      0x400 _build/nrf52832_xxaa_gcc_startup_nrf52.S.o
                0x00000000                __isr_vector
 *(.text*)
 .text          0x00000400       0x5c c:/nrf52/gnu tools arm embedded/5.4 2016q3/bin/../lib/gcc/arm-none-eabi/5.4.1/armv7e-m/fpu/crtbegin.o
 .text          0x0000045c       0x74 c:/nrf52/gnu tools arm embedded/5.4 2016q3/bin/../lib/gcc/arm-none-eabi/5.4.1/../../../../arm-none-eabi/lib/armv7e-m/fpu/crt0.o
                0x0000045c                _start
                0x0000045c                _mainCRTStartup
 .text.exit     0x000004d0       0x28 c:/nrf52/gnu tools arm embedded/5.4 2016q3/bin/../lib/gcc/arm-none-eabi/5.4.1/../../../../arm-none-eabi/lib/armv7e-m/fpu\libc_nano.a(lib_a-exit.o)
                0x000004d0                exit
 .text.__libc_init_array
                0x000004f8       0x4c c:/nrf52/gnu tools arm embedded/5.4 2016q3/bin/../lib/gcc/arm-none-eabi/5.4.1/../../../../arm-none-eabi/lib/armv7e-m/fpu\libc_nano.a(lib_a-init.o)
                0x000004f8                __libc_init_array
 .text.memset   0x00000544       0x10 c:/nrf52/gnu tools arm embedded/5.4 2016q3/bin/../lib/gcc/arm-none-eabi/5.4.1/../../../../arm-none-eabi/lib/armv7e-m/fpu\libc_nano.a(lib_a-memset.o)
                0x00000544                memset
 .text._exit    0x00000554        0x4 c:/nrf52/gnu tools arm embedded/5.4 2016q3/bin/../lib/gcc/arm-none-eabi/5.4.1/../../../../arm-none-eabi/lib/armv7e-m/fpu\libnosys.a(_exit.o)
                0x00000554                _exit
 .text.app_error_handler_bare
                0x00000558       0x20 _build/nrf52832_xxaa_app_error.c.o
                0x00000558                app_error_handler_bare
 .text.app_error_fault_handler
                0x00000578       0x24 _build/nrf52832_xxaa_app_error_weak.c.o
                0x00000578                app_error_fault_handler
 .text.RTC1_IRQHandler
                0x0000059c       0xc4 _build/nrf52832_xxaa_app_timer.c.o
                0x0000059c                RTC1_IRQHandler
 .text.SWI0_EGU0_IRQHandler
                0x00000660      0x654 _build/nrf52832_xxaa_app_timer.c.o
                0x00000660                SWI0_EGU0_IRQHandler
 .text.bsp_board_led_invert
                0x00000cb4       0x28 _build/nrf52832_xxaa_boards.c.o
                0x00000cb4                bsp_board_led_invert
 .text.bsp_board_leds_init
                0x00000cdc       0x3c _build/nrf52832_xxaa_boards.c.o
                0x00000cdc                bsp_board_leds_init
 .text.POWER_CLOCK_IRQHandler
                0x00000d18       0x78 _build/nrf52832_xxaa_nrf_drv_clock.c.o
                0x00000d18                POWER_CLOCK_IRQHandler
 .text.UARTE0_UART0_IRQHandler
                0x00000d90      0x2fc _build/nrf52832_xxaa_nrf_drv_uart.c.o
                0x00000d90                UARTE0_UART0_IRQHandler
 .text.startup.main
                0x0000108c       0xa4 _build/nrf52832_xxaa_main.c.o
                0x0000108c                main
 .text          0x00001130       0x3c _build/nrf52832_xxaa_gcc_startup_nrf52.S.o
                0x00001130                Reset_Handler
                0x00001158                NMI_Handler
                0x0000115a                HardFault_Handler
                0x0000115c                MemoryManagement_Handler
                0x0000115e                BusFault_Handler
                0x00001160                UsageFault_Handler
                0x00001162                SVC_Handler
                0x00001164                DebugMon_Handler
                0x00001166                PendSV_Handler
                0x00001168                SysTick_Handler
                0x0000116a                RADIO_IRQHandler
                0x0000116a                PDM_IRQHandler
                0x0000116a                TEMP_IRQHandler
                0x0000116a                RTC0_IRQHandler
                0x0000116a                TIMER3_IRQHandler
                0x0000116a                FPU_IRQHandler
                0x0000116a                SPIM0_SPIS0_TWIM0_TWIS0_SPI0_TWI0_IRQHandler
                0x0000116a                GPIOTE_IRQHandler
                0x0000116a                QDEC_IRQHandler
                0x0000116a                I2S_IRQHandler
                0x0000116a                SWI4_EGU4_IRQHandler
                0x0000116a                PWM1_IRQHandler
                0x0000116a                TIMER2_IRQHandler
                0x0000116a                TIMER1_IRQHandler
                0x0000116a                PWM2_IRQHandler
                0x0000116a                ECB_IRQHandler
                0x0000116a                SPIM1_SPIS1_TWIM1_TWIS1_SPI1_TWI1_IRQHandler
                0x0000116a                Default_Handler
                0x0000116a                SAADC_IRQHandler
                0x0000116a                CCM_AAR_IRQHandler
                0x0000116a                WDT_IRQHandler
                0x0000116a                TIMER4_IRQHandler
                0x0000116a                SWI5_EGU5_IRQHandler
                0x0000116a                RNG_IRQHandler
                0x0000116a                RTC2_IRQHandler
                0x0000116a                PWM0_IRQHandler
                0x0000116a                SWI3_EGU3_IRQHandler
                0x0000116a                SWI1_EGU1_IRQHandler
                0x0000116a                SPIM2_SPIS2_SPI2_IRQHandler
                0x0000116a                NFCT_IRQHandler
                0x0000116a                SWI2_EGU2_IRQHandler
                0x0000116a                MWU_IRQHandler
                0x0000116a                TIMER0_IRQHandler
                0x0000116a                COMP_LPCOMP_IRQHandler
 .text.SystemInit
                0x0000116c      0x2f0 _build/nrf52832_xxaa_system_nrf52.c.o
                0x0000116c                SystemInit
 *(.init)
 .init          0x0000145c        0x4 c:/nrf52/gnu tools arm embedded/5.4 2016q3/bin/../lib/gcc/arm-none-eabi/5.4.1/armv7e-m/fpu/crti.o
                0x0000145c                _init
 .init          0x00001460        0x8 c:/nrf52/gnu tools arm embedded/5.4 2016q3/bin/../lib/gcc/arm-none-eabi/5.4.1/armv7e-m/fpu/crtn.o
 *(.fini)
 .fini          0x00001468        0x4 c:/nrf52/gnu tools arm embedded/5.4 2016q3/bin/../lib/gcc/arm-none-eabi/5.4.1/armv7e-m/fpu/crti.o
                0x00001468                _fini
 .fini          0x0000146c        0x8 c:/nrf52/gnu tools arm embedded/5.4 2016q3/bin/../lib/gcc/arm-none-eabi/5.4.1/armv7e-m/fpu/crtn.o
 *crtbegin.o(.ctors)
 *crtbegin?.o(.ctors)
 *(EXCLUDE_FILE(*crtend.o *crtend?.o) .ctors)
 *(SORT(.ctors.*))
 *(.ctors)
 *crtbegin.o(.dtors)
 *crtbegin?.o(.dtors)
 *(EXCLUDE_FILE(*crtend.o *crtend?.o) .dtors)
 *(SORT(.dtors.*))
 *(.dtors)
 *(.rodata*)
 .rodata._global_impure_ptr
                0x00001474        0x4 c:/nrf52/gnu tools arm embedded/5.4 2016q3/bin/../lib/gcc/arm-none-eabi/5.4.1/../../../../arm-none-eabi/lib/armv7e-m/fpu\libc_nano.a(lib_a-impure.o)
                0x00001474                _global_impure_ptr
 .rodata.m_board_led_list
                0x00001478        0x4 _build/nrf52832_xxaa_boards.c.o
 *(.eh_frame*)
 .eh_frame      0x0000147c        0x0 c:/nrf52/gnu tools arm embedded/5.4 2016q3/bin/../lib/gcc/arm-none-eabi/5.4.1/armv7e-m/fpu/crtbegin.o
 .eh_frame      0x0000147c        0x4 c:/nrf52/gnu tools arm embedded/5.4 2016q3/bin/../lib/gcc/arm-none-eabi/5.4.1/armv7e-m/fpu/crtend.o

.glue_7         0x00001480        0x0
 .glue_7        0x00001480        0x0 linker stubs

.glue_7t        0x00001480        0x0
 .glue_7t       0x00001480        0x0 linker stubs

.vfp11_veneer   0x00001480        0x0
 .vfp11_veneer  0x00001480        0x0 linker stubs

.v4_bx          0x00001480        0x0
 .v4_bx         0x00001480        0x0 linker stubs

.iplt           0x00001480        0x0
 .iplt          0x00001480        0x0 c:/nrf52/gnu tools arm embedded/5.4 2016q3/bin/../lib/gcc/arm-none-eabi/5.4.1/armv7e-m/fpu/crtbegin.o

.ARM.extab
 *(.ARM.extab* .gnu.linkonce.armextab.*)
                0x00001480                __exidx_start = .

.ARM.exidx      0x00001480        0x8
 *(.ARM.exidx* .gnu.linkonce.armexidx.*)
 .ARM.exidx     0x00001480        0x8 c:/nrf52/gnu tools arm embedded/5.4 2016q3/bin/../lib/gcc/arm-none-eabi/5.4.1/../../../../arm-none-eabi/lib/armv7e-m/fpu/crt0.o
                0x00001488                __exidx_end = .
                0x00001488                __etext = .

.rel.dyn        0x00001488        0x0
 .rel.iplt      0x00001488        0x0 c:/nrf52/gnu tools arm embedded/5.4 2016q3/bin/../lib/gcc/arm-none-eabi/5.4.1/armv7e-m/fpu/crtbegin.o

.data           0x20000000       0x70 load address 0x00001488
                0x20000000                __data_start__ = .
 *(vtable)
 *(.data*)
 .data.impure_data
                0x20000000       0x60 c:/nrf52/gnu tools arm embedded/5.4 2016q3/bin/../lib/gcc/arm-none-eabi/5.4.1/../../../../arm-none-eabi/lib/armv7e-m/fpu\libc_nano.a(lib_a-impure.o)
 .data.SystemCoreClock
                0x20000060        0x4 _build/nrf52832_xxaa_system_nrf52.c.o
                0x20000060                SystemCoreClock
                0x20000064                . = ALIGN (0x4)
                0x20000064                PROVIDE (__preinit_array_start, .)
 *(.preinit_array)
                0x20000064                PROVIDE (__preinit_array_end, .)
                0x20000064                . = ALIGN (0x4)
                0x20000064                PROVIDE (__init_array_start, .)
 *(SORT(.init_array.*))
 *(.init_array)
 .init_array    0x20000064        0x4 c:/nrf52/gnu tools arm embedded/5.4 2016q3/bin/../lib/gcc/arm-none-eabi/5.4.1/armv7e-m/fpu/crtbegin.o
                0x20000068                PROVIDE (__init_array_end, .)
                0x20000068                . = ALIGN (0x4)
                [!provide]                PROVIDE (__fini_array_start, .)
 *(SORT(.fini_array.*))
 *(.fini_array)
 .fini_array    0x20000068        0x4 c:/nrf52/gnu tools arm embedded/5.4 2016q3/bin/../lib/gcc/arm-none-eabi/5.4.1/armv7e-m/fpu/crtbegin.o
                [!provide]                PROVIDE (__fini_array_end, .)
 *(.jcr*)
 .jcr           0x2000006c        0x0 c:/nrf52/gnu tools arm embedded/5.4 2016q3/bin/../lib/gcc/arm-none-eabi/5.4.1/armv7e-m/fpu/crtbegin.o
 .jcr           0x2000006c        0x4 c:/nrf52/gnu tools arm embedded/5.4 2016q3/bin/../lib/gcc/arm-none-eabi/5.4.1/armv7e-m/fpu/crtend.o
                0x20000070                . = ALIGN (0x4)
                0x20000070                __data_end__ = .
LOAD c:/nrf52/gnu tools arm embedded/5.4 2016q3/bin/../lib/gcc/arm-none-eabi/5.4.1/armv7e-m/fpu/crti.o
LOAD c:/nrf52/gnu tools arm embedded/5.4 2016q3/bin/../lib/gcc/arm-none-eabi/5.4.1/armv7e-m/fpu/crtbegin.o
LOAD c:/nrf52/gnu tools arm embedded/5.4 2016q3/bin/../lib/gcc/arm-none-eabi/5.4.1/../../../../arm-none-eabi/lib/armv7e-m/fpu/crt0.o
LOAD c:/nrf52/gnu tools arm embedded/5.4 2016q3/bin/../lib/gcc/arm-none-eabi/5.4.1/../../../../arm-none-eabi/lib/armv7e-m/fpu\libc_nano.a
LOAD c:/nrf52/gnu tools arm embedded/5.4 2016q3/bin/../lib/gcc/arm-none-eabi/5.4.1/../../../../arm-none-eabi/lib/armv7e-m/fpu\libnosys.a
LOAD _build/nrf52832_xxaa_nrf_log_backend_serial.c.o
LOAD _build/nrf52832_xxaa_nrf_log_frontend.c.o
LOAD _build/nrf52832_xxaa_app_error.c.o
LOAD _build/nrf52832_xxaa_app_error_weak.c.o
LOAD _build/nrf52832_xxaa_app_timer.c.o
LOAD _build/nrf52832_xxaa_app_util_platform.c.o
LOAD _build/nrf52832_xxaa_hardfault_implementation.c.o
LOAD _build/nrf52832_xxaa_nrf_assert.c.o
LOAD _build/nrf52832_xxaa_sdk_errors.c.o
LOAD _build/nrf52832_xxaa_boards.c.o
LOAD _build/nrf52832_xxaa_nrf_drv_clock.c.o
LOAD _build/nrf52832_xxaa_nrf_drv_common.c.o
LOAD _build/nrf52832_xxaa_nrf_drv_uart.c.o
LOAD _build/nrf52832_xxaa_nrf_nvic.c.o
LOAD _build/nrf52832_xxaa_nrf_soc.c.o
LOAD _build/nrf52832_xxaa_main.c.o
LOAD _build/nrf52832_xxaa_RTT_Syscalls_GCC.c.o
LOAD _build/nrf52832_xxaa_SEGGER_RTT.c.o
LOAD _build/nrf52832_xxaa_SEGGER_RTT_printf.c.o
LOAD _build/nrf52832_xxaa_gcc_startup_nrf52.S.o
LOAD _build/nrf52832_xxaa_system_nrf52.c.o
LOAD c:/nrf52/gnu tools arm embedded/5.4 2016q3/bin/../lib/gcc/arm-none-eabi/5.4.1/../../../../arm-none-eabi/lib/armv7e-m/fpu\libm.a
START GROUP
LOAD c:/nrf52/gnu tools arm embedded/5.4 2016q3/bin/../lib/gcc/arm-none-eabi/5.4.1/armv7e-m/fpu\libgcc.a
LOAD c:/nrf52/gnu tools arm embedded/5.4 2016q3/bin/../lib/gcc/arm-none-eabi/5.4.1/../../../../arm-none-eabi/lib/armv7e-m/fpu\libc_nano.a
END GROUP
START GROUP
LOAD c:/nrf52/gnu tools arm embedded/5.4 2016q3/bin/../lib/gcc/arm-none-eabi/5.4.1/armv7e-m/fpu\libgcc.a
LOAD c:/nrf52/gnu tools arm embedded/5.4 2016q3/bin/../lib/gcc/arm-none-eabi/5.4.1/../../../../arm-none-eabi/lib/armv7e-m/fpu\libc_nano.a
END GROUP
LOAD c:/nrf52/gnu tools arm embedded/5.4 2016q3/bin/../lib/gcc/arm-none-eabi/5.4.1/armv7e-m/fpu/crtend.o
LOAD c:/nrf52/gnu tools arm embedded/5.4 2016q3/bin/../lib/gcc/arm-none-eabi/5.4.1/armv7e-m/fpu/crtn.o
START GROUP
LOAD c:/nrf52/gnu tools arm embedded/5.4 2016q3/bin/../lib/gcc/arm-none-eabi/5.4.1/armv7e-m/fpu\libgcc.a
LOAD c:/nrf52/gnu tools arm embedded/5.4 2016q3/bin/../lib/gcc/arm-none-eabi/5.4.1/../../../../arm-none-eabi/lib/armv7e-m/fpu\libc.a
LOAD c:/nrf52/gnu tools arm embedded/5.4 2016q3/bin/../lib/gcc/arm-none-eabi/5.4.1/../../../../arm-none-eabi/lib/armv7e-m/fpu\libnosys.a
END GROUP

.igot.plt       0x20000070        0x0 load address 0x000014f8
 .igot.plt      0x20000070        0x0 c:/nrf52/gnu tools arm embedded/5.4 2016q3/bin/../lib/gcc/arm-none-eabi/5.4.1/armv7e-m/fpu/crtbegin.o

.fs_data        0x20000070        0x0
                [!provide]                PROVIDE (__start_fs_data, .)
 *(.fs_data)
                [!provide]                PROVIDE (__stop_fs_data, .)

.pwr_mgmt_data  0x20000070        0x0
                [!provide]                PROVIDE (__start_pwr_mgmt_data, .)
 *(.pwr_mgmt_data)
                [!provide]                PROVIDE (__stop_pwr_mgmt_data, .)

.bss            0x20000070       0x74 load address 0x000014f8
                0x20000070                . = ALIGN (0x4)
                0x20000070                __bss_start__ = .
 *(.bss*)
 .bss           0x20000070       0x1c c:/nrf52/gnu tools arm embedded/5.4 2016q3/bin/../lib/gcc/arm-none-eabi/5.4.1/armv7e-m/fpu/crtbegin.o
 .bss.m_ticks_latest
                0x2000008c        0x4 _build/nrf52832_xxaa_app_timer.c.o
 .bss.mp_timer_id_head
                0x20000090        0x4 _build/nrf52832_xxaa_app_timer.c.o
 .bss.m_evt_schedule_func
                0x20000094        0x4 _build/nrf52832_xxaa_app_timer.c.o
 .bss.m_ticks_elapsed_q_read_ind
                0x20000098        0x1 _build/nrf52832_xxaa_app_timer.c.o
 .bss.m_ticks_elapsed_q_write_ind
                0x20000099        0x1 _build/nrf52832_xxaa_app_timer.c.o
 .bss.m_rtc1_reset
                0x2000009a        0x1 _build/nrf52832_xxaa_app_timer.c.o
 *fill*         0x2000009b        0x1 
 .bss.m_op_queue
                0x2000009c        0x8 _build/nrf52832_xxaa_app_timer.c.o
 .bss.m_ticks_elapsed
                0x200000a4        0x8 _build/nrf52832_xxaa_app_timer.c.o
 .bss.m_rtc1_running
                0x200000ac        0x1 _build/nrf52832_xxaa_app_timer.c.o
 *fill*         0x200000ad        0x3 
 .bss.m_clock_cb
                0x200000b0       0x14 _build/nrf52832_xxaa_nrf_drv_clock.c.o
 .bss.m_cb      0x200000c4       0x20 _build/nrf52832_xxaa_nrf_drv_uart.c.o
 *(COMMON)
                0x200000e4                . = ALIGN (0x4)
                0x200000e4                __bss_end__ = .

.heap           0x200000e8     0x2000
                0x200000e8                __HeapBase = .
                0x200000e8                __end__ = .
                [!provide]                PROVIDE (end, .)
 *(.heap*)
 .heap          0x200000e8     0x2000 _build/nrf52832_xxaa_gcc_startup_nrf52.S.o
                0x200020e8                __HeapLimit = .

.stack_dummy    0x200000e8     0x2000
 *(.stack*)
 .stack         0x200000e8     0x2000 _build/nrf52832_xxaa_gcc_startup_nrf52.S.o
                0x20010000                __StackTop = (ORIGIN (RAM) + LENGTH (RAM))
                0x2000e000                __StackLimit = (__StackTop - SIZEOF (.stack_dummy))
                0x20010000                PROVIDE (__stack, __StackTop)
                0x00000001                ASSERT ((__StackLimit >= __HeapLimit), region RAM overflowed with stack)
OUTPUT(_build/nrf52832_xxaa.out elf32-littlearm)

.ARM.attributes
                0x00000000       0x30
 .ARM.attributes
                0x00000000       0x22 c:/nrf52/gnu tools arm embedded/5.4 2016q3/bin/../lib/gcc/arm-none-eabi/5.4.1/armv7e-m/fpu/crti.o
 .ARM.attributes
                0x00000022       0x34 c:/nrf52/gnu tools arm embedded/5.4 2016q3/bin/../lib/gcc/arm-none-eabi/5.4.1/armv7e-m/fpu/crtbegin.o
 .ARM.attributes
                0x00000056       0x20 c:/nrf52/gnu tools arm embedded/5.4 2016q3/bin/../lib/gcc/arm-none-eabi/5.4.1/../../../../arm-none-eabi/lib/armv7e-m/fpu/crt0.o
 .ARM.attributes
                0x00000076       0x34 c:/nrf52/gnu tools arm embedded/5.4 2016q3/bin/../lib/gcc/arm-none-eabi/5.4.1/../../../../arm-none-eabi/lib/armv7e-m/fpu\libc_nano.a(lib_a-exit.o)
 .ARM.attributes
                0x000000aa       0x34 c:/nrf52/gnu tools arm embedded/5.4 2016q3/bin/../lib/gcc/arm-none-eabi/5.4.1/../../../../arm-none-eabi/lib/armv7e-m/fpu\libc_nano.a(lib_a-impure.o)
 .ARM.attributes
                0x000000de       0x34 c:/nrf52/gnu tools arm embedded/5.4 2016q3/bin/../lib/gcc/arm-none-eabi/5.4.1/../../../../arm-none-eabi/lib/armv7e-m/fpu\libc_nano.a(lib_a-init.o)
 .ARM.attributes
                0x00000112       0x34 c:/nrf52/gnu tools arm embedded/5.4 2016q3/bin/../lib/gcc/arm-none-eabi/5.4.1/../../../../arm-none-eabi/lib/armv7e-m/fpu\libc_nano.a(lib_a-memset.o)
 .ARM.attributes
                0x00000146       0x34 c:/nrf52/gnu tools arm embedded/5.4 2016q3/bin/../lib/gcc/arm-none-eabi/5.4.1/../../../../arm-none-eabi/lib/armv7e-m/fpu\libnosys.a(_exit.o)
 .ARM.attributes
                0x0000017a       0x39 _build/nrf52832_xxaa_app_error.c.o
 .ARM.attributes
                0x000001b3       0x39 _build/nrf52832_xxaa_app_error_weak.c.o
 .ARM.attributes
                0x000001ec       0x39 _build/nrf52832_xxaa_app_timer.c.o
 .ARM.attributes
                0x00000225       0x39 _build/nrf52832_xxaa_boards.c.o
 .ARM.attributes
                0x0000025e       0x39 _build/nrf52832_xxaa_nrf_drv_clock.c.o
 .ARM.attributes
                0x00000297       0x39 _build/nrf52832_xxaa_nrf_drv_uart.c.o
 .ARM.attributes
                0x000002d0       0x39 _build/nrf52832_xxaa_main.c.o
 .ARM.attributes
                0x00000309       0x1c _build/nrf52832_xxaa_gcc_startup_nrf52.S.o
 .ARM.attributes
                0x00000325       0x39 _build/nrf52832_xxaa_system_nrf52.c.o
 .ARM.attributes
                0x0000035e       0x34 c:/nrf52/gnu tools arm embedded/5.4 2016q3/bin/../lib/gcc/arm-none-eabi/5.4.1/armv7e-m/fpu/crtend.o
 .ARM.attributes
                0x00000392       0x22 c:/nrf52/gnu tools arm embedded/5.4 2016q3/bin/../lib/gcc/arm-none-eabi/5.4.1/armv7e-m/fpu/crtn.o

.comment        0x00000000       0x6e
 .comment       0x00000000       0x6e _build/nrf52832_xxaa_app_error.c.o
                                 0x6f (size before relaxing)
 .comment       0x0000006e       0x6f _build/nrf52832_xxaa_app_error_weak.c.o
 .comment       0x0000006e       0x6f _build/nrf52832_xxaa_app_timer.c.o
 .comment       0x0000006e       0x6f _build/nrf52832_xxaa_boards.c.o
 .comment       0x0000006e       0x6f _build/nrf52832_xxaa_nrf_drv_clock.c.o
 .comment       0x0000006e       0x6f _build/nrf52832_xxaa_nrf_drv_uart.c.o
 .comment       0x0000006e       0x6f _build/nrf52832_xxaa_main.c.o
 .comment       0x0000006e       0x6f _build/nrf52832_xxaa_system_nrf52.c.o

.debug_frame    0x00000000      0x6a4
 .debug_frame   0x00000000       0x28 c:/nrf52/gnu tools arm embedded/5.4 2016q3/bin/../lib/gcc/arm-none-eabi/5.4.1/../../../../arm-none-eabi/lib/armv7e-m/fpu\libc_nano.a(lib_a-exit.o)
 .debug_frame   0x00000028       0x2c c:/nrf52/gnu tools arm embedded/5.4 2016q3/bin/../lib/gcc/arm-none-eabi/5.4.1/../../../../arm-none-eabi/lib/armv7e-m/fpu\libc_nano.a(lib_a-init.o)
 .debug_frame   0x00000054       0x20 c:/nrf52/gnu tools arm embedded/5.4 2016q3/bin/../lib/gcc/arm-none-eabi/5.4.1/../../../../arm-none-eabi/lib/armv7e-m/fpu\libc_nano.a(lib_a-memset.o)
 .debug_frame   0x00000074       0x20 c:/nrf52/gnu tools arm embedded/5.4 2016q3/bin/../lib/gcc/arm-none-eabi/5.4.1/../../../../arm-none-eabi/lib/armv7e-m/fpu\libnosys.a(_exit.o)
 .debug_frame   0x00000094       0x70 _build/nrf52832_xxaa_app_error.c.o
 .debug_frame   0x00000104       0x20 _build/nrf52832_xxaa_app_error_weak.c.o
 .debug_frame   0x00000124      0x114 _build/nrf52832_xxaa_app_timer.c.o
 .debug_frame   0x00000238      0x104 _build/nrf52832_xxaa_boards.c.o
 .debug_frame   0x0000033c      0x140 _build/nrf52832_xxaa_nrf_drv_clock.c.o
 .debug_frame   0x0000047c      0x1b0 _build/nrf52832_xxaa_nrf_drv_uart.c.o
 .debug_frame   0x0000062c       0x30 _build/nrf52832_xxaa_main.c.o
 .debug_frame   0x0000065c       0x48 _build/nrf52832_xxaa_system_nrf52.c.o

.debug_info     0x00000000     0x91d1
 .debug_info    0x00000000      0x34f _build/nrf52832_xxaa_app_error.c.o
 .debug_info    0x0000034f      0x331 _build/nrf52832_xxaa_app_error_weak.c.o
 .debug_info    0x00000680     0x1b6f _build/nrf52832_xxaa_app_timer.c.o
 .debug_info    0x000021ef      0xbf8 _build/nrf52832_xxaa_boards.c.o
 .debug_info    0x00002de7     0x1153 _build/nrf52832_xxaa_nrf_drv_clock.c.o
 .debug_info    0x00003f3a     0x42e2 _build/nrf52832_xxaa_nrf_drv_uart.c.o
 .debug_info    0x0000821c      0x1af _build/nrf52832_xxaa_main.c.o
 .debug_info    0x000083cb      0xe06 _build/nrf52832_xxaa_system_nrf52.c.o

.debug_abbrev   0x00000000     0x13dc
 .debug_abbrev  0x00000000      0x13a _build/nrf52832_xxaa_app_error.c.o
 .debug_abbrev  0x0000013a      0x13a _build/nrf52832_xxaa_app_error_weak.c.o
 .debug_abbrev  0x00000274      0x407 _build/nrf52832_xxaa_app_timer.c.o
 .debug_abbrev  0x0000067b      0x269 _build/nrf52832_xxaa_boards.c.o
 .debug_abbrev  0x000008e4      0x409 _build/nrf52832_xxaa_nrf_drv_clock.c.o
 .debug_abbrev  0x00000ced      0x3ce _build/nrf52832_xxaa_nrf_drv_uart.c.o
 .debug_abbrev  0x000010bb      0x13a _build/nrf52832_xxaa_main.c.o
 .debug_abbrev  0x000011f5      0x1e7 _build/nrf52832_xxaa_system_nrf52.c.o

.debug_loc      0x00000000     0x431a
 .debug_loc     0x00000000      0x145 _build/nrf52832_xxaa_app_error.c.o
 .debug_loc     0x00000145       0x42 _build/nrf52832_xxaa_app_error_weak.c.o
 .debug_loc     0x00000187      0xdee _build/nrf52832_xxaa_app_timer.c.o
 .debug_loc     0x00000f75      0x885 _build/nrf52832_xxaa_boards.c.o
 .debug_loc     0x000017fa      0x404 _build/nrf52832_xxaa_nrf_drv_clock.c.o
 .debug_loc     0x00001bfe     0x26cf _build/nrf52832_xxaa_nrf_drv_uart.c.o
 .debug_loc     0x000042cd       0x4d _build/nrf52832_xxaa_main.c.o

.debug_aranges  0x00000000      0x268
 .debug_aranges
                0x00000000       0x30 _build/nrf52832_xxaa_app_error.c.o
 .debug_aranges
                0x00000030       0x20 _build/nrf52832_xxaa_app_error_weak.c.o
 .debug_aranges
                0x00000050       0x60 _build/nrf52832_xxaa_app_timer.c.o
 .debug_aranges
                0x000000b0       0x80 _build/nrf52832_xxaa_boards.c.o
 .debug_aranges
                0x00000130       0x80 _build/nrf52832_xxaa_nrf_drv_clock.c.o
 .debug_aranges
                0x000001b0       0x70 _build/nrf52832_xxaa_nrf_drv_uart.c.o
 .debug_aranges
                0x00000220       0x20 _build/nrf52832_xxaa_main.c.o
 .debug_aranges
                0x00000240       0x28 _build/nrf52832_xxaa_system_nrf52.c.o

.debug_ranges   0x00000000     0x1148
 .debug_ranges  0x00000000       0x20 _build/nrf52832_xxaa_app_error.c.o
 .debug_ranges  0x00000020       0x10 _build/nrf52832_xxaa_app_error_weak.c.o
 .debug_ranges  0x00000030      0x448 _build/nrf52832_xxaa_app_timer.c.o
 .debug_ranges  0x00000478      0x130 _build/nrf52832_xxaa_boards.c.o
 .debug_ranges  0x000005a8      0x2b8 _build/nrf52832_xxaa_nrf_drv_clock.c.o
 .debug_ranges  0x00000860      0x7b8 _build/nrf52832_xxaa_nrf_drv_uart.c.o
 .debug_ranges  0x00001018       0x28 _build/nrf52832_xxaa_main.c.o
 .debug_ranges  0x00001040      0x108 _build/nrf52832_xxaa_system_nrf52.c.o

.debug_macro    0x00000000     0x2733
 .debug_macro   0x00000000      0x29b _build/nrf52832_xxaa_app_error.c.o
 .debug_macro   0x0000029b       0x35 _build/nrf52832_xxaa_app_error.c.o
 .debug_macro   0x000002d0       0x22 _build/nrf52832_xxaa_app_error.c.o
 .debug_macro   0x000002f2       0x16 _build/nrf52832_xxaa_app_error.c.o
 .debug_macro   0x00000308       0x97 _build/nrf52832_xxaa_app_error.c.o
 .debug_macro   0x0000039f       0xf6 _build/nrf52832_xxaa_app_error.c.o
 .debug_macro   0x00000495       0x10 _build/nrf52832_xxaa_app_error.c.o
 .debug_macro   0x000004a5       0x10 _build/nrf52832_xxaa_app_error.c.o
 .debug_macro   0x000004b5       0xb6 _build/nrf52832_xxaa_app_error.c.o
 .debug_macro   0x0000056b       0x16 _build/nrf52832_xxaa_app_error.c.o
 .debug_macro   0x00000581      0x145 _build/nrf52832_xxaa_app_error.c.o
 .debug_macro   0x000006c6       0x2b _build/nrf52832_xxaa_app_error.c.o
 .debug_macro   0x000006f1       0x22 _build/nrf52832_xxaa_app_error.c.o
 .debug_macro   0x00000713       0x16 _build/nrf52832_xxaa_app_error.c.o
 .debug_macro   0x00000729      0x39b _build/nrf52832_xxaa_app_error.c.o
 .debug_macro   0x00000ac4      0x170 _build/nrf52832_xxaa_app_error.c.o
 .debug_macro   0x00000c34       0x5a _build/nrf52832_xxaa_app_error.c.o
 .debug_macro   0x00000c8e       0x28 _build/nrf52832_xxaa_app_error.c.o
 .debug_macro   0x00000cb6       0x22 _build/nrf52832_xxaa_app_error.c.o
 .debug_macro   0x00000cd8      0x29b _build/nrf52832_xxaa_app_error_weak.c.o
 .debug_macro   0x00000f73       0x1c _build/nrf52832_xxaa_app_error_weak.c.o
 .debug_macro   0x00000f8f      0x308 _build/nrf52832_xxaa_app_timer.c.o
 .debug_macro   0x00001297       0x1c _build/nrf52832_xxaa_app_timer.c.o
 .debug_macro   0x000012b3       0x36 _build/nrf52832_xxaa_app_timer.c.o
 .debug_macro   0x000012e9       0x16 _build/nrf52832_xxaa_app_timer.c.o
 .debug_macro   0x000012ff       0x22 _build/nrf52832_xxaa_app_timer.c.o
 .debug_macro   0x00001321       0x10 _build/nrf52832_xxaa_app_timer.c.o
 .debug_macro   0x00001331       0x10 _build/nrf52832_xxaa_app_timer.c.o
 .debug_macro   0x00001341       0x77 _build/nrf52832_xxaa_app_timer.c.o
 .debug_macro   0x000013b8      0x292 _build/nrf52832_xxaa_boards.c.o
 .debug_macro   0x0000164a      0x296 _build/nrf52832_xxaa_boards.c.o
 .debug_macro   0x000018e0       0x16 _build/nrf52832_xxaa_boards.c.o
 .debug_macro   0x000018f6      0x261 _build/nrf52832_xxaa_boards.c.o
 .debug_macro   0x00001b57      0x115 _build/nrf52832_xxaa_boards.c.o
 .debug_macro   0x00001c6c      0x322 _build/nrf52832_xxaa_nrf_drv_clock.c.o
 .debug_macro   0x00001f8e       0x10 _build/nrf52832_xxaa_nrf_drv_clock.c.o
 .debug_macro   0x00001f9e       0x28 _build/nrf52832_xxaa_nrf_drv_clock.c.o
 .debug_macro   0x00001fc6       0x16 _build/nrf52832_xxaa_nrf_drv_clock.c.o
 .debug_macro   0x00001fdc      0x373 _build/nrf52832_xxaa_nrf_drv_uart.c.o
 .debug_macro   0x0000234f       0x10 _build/nrf52832_xxaa_nrf_drv_uart.c.o
 .debug_macro   0x0000235f       0x43 _build/nrf52832_xxaa_nrf_drv_uart.c.o
 .debug_macro   0x000023a2      0x29c _build/nrf52832_xxaa_main.c.o
 .debug_macro   0x0000263e       0xf5 _build/nrf52832_xxaa_system_nrf52.c.o

.debug_line     0x00000000     0x40de
 .debug_line    0x00000000      0x5fc _build/nrf52832_xxaa_app_error.c.o
 .debug_line    0x000005fc      0x5be _build/nrf52832_xxaa_app_error_weak.c.o
 .debug_line    0x00000bba      0xa34 _build/nrf52832_xxaa_app_timer.c.o
 .debug_line    0x000015ee      0x6ee _build/nrf52832_xxaa_boards.c.o
 .debug_line    0x00001cdc      0x912 _build/nrf52832_xxaa_nrf_drv_clock.c.o
 .debug_line    0x000025ee     0x10e8 _build/nrf52832_xxaa_nrf_drv_uart.c.o
 .debug_line    0x000036d6      0x5ae _build/nrf52832_xxaa_main.c.o
 .debug_line    0x00003c84      0x45a _build/nrf52832_xxaa_system_nrf52.c.o

.debug_str      0x00000000    0x69827
 .debug_str     0x00000000    0x6445d _build/nrf52832_xxaa_app_error.c.o
                              0x64fde (size before relaxing)
 .debug_str     0x0006445d       0xd8 _build/nrf52832_xxaa_app_error_weak.c.o
                              0x64f67 (size before relaxing)
 .debug_str     0x00064535     0x1295 _build/nrf52832_xxaa_app_timer.c.o
                              0x64ac5 (size before relaxing)
 .debug_str     0x000657ca     0x1a24 _build/nrf52832_xxaa_boards.c.o
                              0x61dad (size before relaxing)
 .debug_str     0x000671ee      0xae5 _build/nrf52832_xxaa_nrf_drv_clock.c.o
                              0x65fa5 (size before relaxing)
 .debug_str     0x00067cd3     0x18aa _build/nrf52832_xxaa_nrf_drv_uart.c.o
                              0x67994 (size before relaxing)
 .debug_str     0x0006957d       0x2f _build/nrf52832_xxaa_main.c.o
                              0x618fc (size before relaxing)
 .debug_str     0x000695ac      0x27b _build/nrf52832_xxaa_system_nrf52.c.o
                              0x5ba3d (size before relaxing)
